// Jest Snapshot v1, https://goo.gl/fbAQLP

exports[`<Pagination /> component should match snapshot 1`] = `
<div
  className="pagination-wrapper"
  data-testid="pagination-wrapper"
>
  <a
    className="text-bold base-bg-color"
    disabled={true}
    href="/?page=NaN"
    onClick={[Function]}
  >
    Previous
  </a>
  <span
    className="vertical-line base-bg-color"
  />
  <a
    className="text-bold base-bg-color"
    disabled={true}
    href="/?page=NaN"
    onClick={[Function]}
  >
    Next
  </a>
</div>
`;
